Archive member included because of file (symbol)

/opt/crosstools/gcc-linaro-arm-linux-gnueabihf-4.9-2014.09_linux/bin/../lib/gcc/arm-linux-gnueabihf/4.9.2/libgcc.a(_udivsi3.o)
                              sqlite3.o (__aeabi_uidiv)
/opt/crosstools/gcc-linaro-arm-linux-gnueabihf-4.9-2014.09_linux/bin/../lib/gcc/arm-linux-gnueabihf/4.9.2/libgcc.a(_divsi3.o)
                              shell.o (__aeabi_idiv)
/opt/crosstools/gcc-linaro-arm-linux-gnueabihf-4.9-2014.09_linux/bin/../lib/gcc/arm-linux-gnueabihf/4.9.2/libgcc.a(_arm_addsubdf3.o)
                              shell.o (__aeabi_l2d)
/opt/crosstools/gcc-linaro-arm-linux-gnueabihf-4.9-2014.09_linux/bin/../lib/gcc/arm-linux-gnueabihf/4.9.2/libgcc.a(_aeabi_ldivmod.o)
                              sqlite3.o (__aeabi_ldivmod)
/opt/crosstools/gcc-linaro-arm-linux-gnueabihf-4.9-2014.09_linux/bin/../lib/gcc/arm-linux-gnueabihf/4.9.2/libgcc.a(_aeabi_uldivmod.o)
                              sqlite3.o (__aeabi_uldivmod)
/opt/crosstools/gcc-linaro-arm-linux-gnueabihf-4.9-2014.09_linux/bin/../lib/gcc/arm-linux-gnueabihf/4.9.2/libgcc.a(_dvmd_lnx.o)
                              /opt/crosstools/gcc-linaro-arm-linux-gnueabihf-4.9-2014.09_linux/bin/../lib/gcc/arm-linux-gnueabihf/4.9.2/libgcc.a(_udivsi3.o) (__aeabi_idiv0)
/opt/crosstools/gcc-linaro-arm-linux-gnueabihf-4.9-2014.09_linux/bin/../lib/gcc/arm-linux-gnueabihf/4.9.2/libgcc.a(_fixdfdi.o)
                              shell.o (__aeabi_d2lz)
/opt/crosstools/gcc-linaro-arm-linux-gnueabihf-4.9-2014.09_linux/bin/../lib/gcc/arm-linux-gnueabihf/4.9.2/libgcc.a(_fixunsdfdi.o)
                              sqlite3.o (__aeabi_d2ulz)
/opt/crosstools/gcc-linaro-arm-linux-gnueabihf-4.9-2014.09_linux/bin/../lib/gcc/arm-linux-gnueabihf/4.9.2/libgcc.a(bpabi.o)
                              /opt/crosstools/gcc-linaro-arm-linux-gnueabihf-4.9-2014.09_linux/bin/../lib/gcc/arm-linux-gnueabihf/4.9.2/libgcc.a(_aeabi_ldivmod.o) (__gnu_ldivmod_helper)
/opt/crosstools/gcc-linaro-arm-linux-gnueabihf-4.9-2014.09_linux/bin/../lib/gcc/arm-linux-gnueabihf/4.9.2/libgcc.a(_divdi3.o)
                              /opt/crosstools/gcc-linaro-arm-linux-gnueabihf-4.9-2014.09_linux/bin/../lib/gcc/arm-linux-gnueabihf/4.9.2/libgcc.a(bpabi.o) (__divdi3)
/opt/crosstools/gcc-linaro-arm-linux-gnueabihf-4.9-2014.09_linux/bin/../lib/gcc/arm-linux-gnueabihf/4.9.2/libgcc.a(_udivdi3.o)
                              /opt/crosstools/gcc-linaro-arm-linux-gnueabihf-4.9-2014.09_linux/bin/../lib/gcc/arm-linux-gnueabihf/4.9.2/libgcc.a(bpabi.o) (__udivdi3)
/opt/crosstools/gcc-linaro-arm-linux-gnueabihf-4.9-2014.09_linux/bin/../arm-linux-gnueabihf/libc/usr/lib/arm-linux-gnueabihf/libc_nonshared.a(elf-init.oS)
                              /opt/crosstools/gcc-linaro-arm-linux-gnueabihf-4.9-2014.09_linux/bin/../arm-linux-gnueabihf/libc/usr/lib/arm-linux-gnueabihf/crt1.o (__libc_csu_init)
/opt/crosstools/gcc-linaro-arm-linux-gnueabihf-4.9-2014.09_linux/bin/../arm-linux-gnueabihf/libc/usr/lib/arm-linux-gnueabihf/libc_nonshared.a(stat64.oS)
                              sqlite3.o (stat64)
/opt/crosstools/gcc-linaro-arm-linux-gnueabihf-4.9-2014.09_linux/bin/../arm-linux-gnueabihf/libc/usr/lib/arm-linux-gnueabihf/libc_nonshared.a(fstat64.oS)
                              sqlite3.o (fstat64)

Discarded input sections

 .note.GNU-stack
                0x00000000        0x0 /opt/crosstools/gcc-linaro-arm-linux-gnueabihf-4.9-2014.09_linux/bin/../arm-linux-gnueabihf/libc/usr/lib/arm-linux-gnueabihf/crt1.o
 .note.GNU-stack
                0x00000000        0x0 /opt/crosstools/gcc-linaro-arm-linux-gnueabihf-4.9-2014.09_linux/bin/../arm-linux-gnueabihf/libc/usr/lib/arm-linux-gnueabihf/crti.o
 .note.GNU-stack
                0x00000000        0x0 /opt/crosstools/gcc-linaro-arm-linux-gnueabihf-4.9-2014.09_linux/bin/../lib/gcc/arm-linux-gnueabihf/4.9.2/crtbegin.o
 .note.GNU-stack
                0x00000000        0x0 shell.o
 .note.GNU-stack
                0x00000000        0x0 sqlite3.o
 .note.GNU-stack
                0x00000000        0x0 /opt/crosstools/gcc-linaro-arm-linux-gnueabihf-4.9-2014.09_linux/bin/../lib/gcc/arm-linux-gnueabihf/4.9.2/libgcc.a(_udivsi3.o)
 .note.GNU-stack
                0x00000000        0x0 /opt/crosstools/gcc-linaro-arm-linux-gnueabihf-4.9-2014.09_linux/bin/../lib/gcc/arm-linux-gnueabihf/4.9.2/libgcc.a(_divsi3.o)
 .note.GNU-stack
                0x00000000        0x0 /opt/crosstools/gcc-linaro-arm-linux-gnueabihf-4.9-2014.09_linux/bin/../lib/gcc/arm-linux-gnueabihf/4.9.2/libgcc.a(_arm_addsubdf3.o)
 .note.GNU-stack
                0x00000000        0x0 /opt/crosstools/gcc-linaro-arm-linux-gnueabihf-4.9-2014.09_linux/bin/../lib/gcc/arm-linux-gnueabihf/4.9.2/libgcc.a(_aeabi_ldivmod.o)
 .note.GNU-stack
                0x00000000        0x0 /opt/crosstools/gcc-linaro-arm-linux-gnueabihf-4.9-2014.09_linux/bin/../lib/gcc/arm-linux-gnueabihf/4.9.2/libgcc.a(_aeabi_uldivmod.o)
 .note.GNU-stack
                0x00000000        0x0 /opt/crosstools/gcc-linaro-arm-linux-gnueabihf-4.9-2014.09_linux/bin/../lib/gcc/arm-linux-gnueabihf/4.9.2/libgcc.a(_dvmd_lnx.o)
 .note.GNU-stack
                0x00000000        0x0 /opt/crosstools/gcc-linaro-arm-linux-gnueabihf-4.9-2014.09_linux/bin/../lib/gcc/arm-linux-gnueabihf/4.9.2/libgcc.a(_fixdfdi.o)
 .note.GNU-stack
                0x00000000        0x0 /opt/crosstools/gcc-linaro-arm-linux-gnueabihf-4.9-2014.09_linux/bin/../lib/gcc/arm-linux-gnueabihf/4.9.2/libgcc.a(_fixunsdfdi.o)
 .note.GNU-stack
                0x00000000        0x0 /opt/crosstools/gcc-linaro-arm-linux-gnueabihf-4.9-2014.09_linux/bin/../lib/gcc/arm-linux-gnueabihf/4.9.2/libgcc.a(bpabi.o)
 .note.GNU-stack
                0x00000000        0x0 /opt/crosstools/gcc-linaro-arm-linux-gnueabihf-4.9-2014.09_linux/bin/../lib/gcc/arm-linux-gnueabihf/4.9.2/libgcc.a(_divdi3.o)
 .note.GNU-stack
                0x00000000        0x0 /opt/crosstools/gcc-linaro-arm-linux-gnueabihf-4.9-2014.09_linux/bin/../lib/gcc/arm-linux-gnueabihf/4.9.2/libgcc.a(_udivdi3.o)
 .note.GNU-stack
                0x00000000        0x0 /opt/crosstools/gcc-linaro-arm-linux-gnueabihf-4.9-2014.09_linux/bin/../arm-linux-gnueabihf/libc/usr/lib/arm-linux-gnueabihf/libc_nonshared.a(elf-init.oS)
 .note.GNU-stack
                0x00000000        0x0 /opt/crosstools/gcc-linaro-arm-linux-gnueabihf-4.9-2014.09_linux/bin/../arm-linux-gnueabihf/libc/usr/lib/arm-linux-gnueabihf/libc_nonshared.a(stat64.oS)
 .note.GNU-stack
                0x00000000        0x0 /opt/crosstools/gcc-linaro-arm-linux-gnueabihf-4.9-2014.09_linux/bin/../arm-linux-gnueabihf/libc/usr/lib/arm-linux-gnueabihf/libc_nonshared.a(fstat64.oS)
 .note.GNU-stack
                0x00000000        0x0 /opt/crosstools/gcc-linaro-arm-linux-gnueabihf-4.9-2014.09_linux/bin/../lib/gcc/arm-linux-gnueabihf/4.9.2/crtend.o
 .note.GNU-stack
                0x00000000        0x0 /opt/crosstools/gcc-linaro-arm-linux-gnueabihf-4.9-2014.09_linux/bin/../arm-linux-gnueabihf/libc/usr/lib/arm-linux-gnueabihf/crtn.o

Memory Configuration

Name             Origin             Length             Attributes
*default*        0x00000000         0xffffffff

Linker script and memory map

LOAD /opt/crosstools/gcc-linaro-arm-linux-gnueabihf-4.9-2014.09_linux/bin/../arm-linux-gnueabihf/libc/usr/lib/arm-linux-gnueabihf/crt1.o
LOAD /opt/crosstools/gcc-linaro-arm-linux-gnueabihf-4.9-2014.09_linux/bin/../arm-linux-gnueabihf/libc/usr/lib/arm-linux-gnueabihf/crti.o
LOAD /opt/crosstools/gcc-linaro-arm-linux-gnueabihf-4.9-2014.09_linux/bin/../lib/gcc/arm-linux-gnueabihf/4.9.2/crtbegin.o
LOAD shell.o
LOAD sqlite3.o
LOAD /opt/crosstools/gcc-linaro-arm-linux-gnueabihf-4.9-2014.09_linux/bin/../arm-linux-gnueabihf/libc/usr/lib/arm-linux-gnueabihf/libm.so
LOAD /opt/crosstools/gcc-linaro-arm-linux-gnueabihf-4.9-2014.09_linux/bin/../arm-linux-gnueabihf/libc/usr/lib/arm-linux-gnueabihf/libpthread.so
START GROUP
LOAD /opt/crosstools/gcc-linaro-arm-linux-gnueabihf-4.9-2014.09_linux/bin/../arm-linux-gnueabihf/libc/lib/arm-linux-gnueabihf/libpthread.so.0
LOAD /opt/crosstools/gcc-linaro-arm-linux-gnueabihf-4.9-2014.09_linux/bin/../arm-linux-gnueabihf/libc/usr/lib/arm-linux-gnueabihf/libpthread_nonshared.a
END GROUP
LOAD /opt/crosstools/gcc-linaro-arm-linux-gnueabihf-4.9-2014.09_linux/bin/../arm-linux-gnueabihf/libc/usr/lib/arm-linux-gnueabihf/libdl.so
LOAD /opt/crosstools/gcc-linaro-arm-linux-gnueabihf-4.9-2014.09_linux/bin/../lib/gcc/arm-linux-gnueabihf/4.9.2/libgcc.a
LOAD /opt/crosstools/gcc-linaro-arm-linux-gnueabihf-4.9-2014.09_linux/bin/../lib/gcc/arm-linux-gnueabihf/4.9.2/../../../../arm-linux-gnueabihf/lib/libgcc_s.so
START GROUP
LOAD /opt/crosstools/gcc-linaro-arm-linux-gnueabihf-4.9-2014.09_linux/bin/../lib/gcc/arm-linux-gnueabihf/4.9.2/../../../../arm-linux-gnueabihf/lib/libgcc_s.so.1
LOAD /opt/crosstools/gcc-linaro-arm-linux-gnueabihf-4.9-2014.09_linux/bin/../lib/gcc/arm-linux-gnueabihf/4.9.2/libgcc.a
END GROUP
LOAD /opt/crosstools/gcc-linaro-arm-linux-gnueabihf-4.9-2014.09_linux/bin/../arm-linux-gnueabihf/libc/usr/lib/arm-linux-gnueabihf/libc.so
START GROUP
LOAD /opt/crosstools/gcc-linaro-arm-linux-gnueabihf-4.9-2014.09_linux/bin/../arm-linux-gnueabihf/libc/lib/arm-linux-gnueabihf/libc.so.6
LOAD /opt/crosstools/gcc-linaro-arm-linux-gnueabihf-4.9-2014.09_linux/bin/../arm-linux-gnueabihf/libc/usr/lib/arm-linux-gnueabihf/libc_nonshared.a
LOAD /opt/crosstools/gcc-linaro-arm-linux-gnueabihf-4.9-2014.09_linux/bin/../arm-linux-gnueabihf/libc/lib/ld-linux-armhf.so.3
END GROUP
LOAD /opt/crosstools/gcc-linaro-arm-linux-gnueabihf-4.9-2014.09_linux/bin/../lib/gcc/arm-linux-gnueabihf/4.9.2/libgcc.a
LOAD /opt/crosstools/gcc-linaro-arm-linux-gnueabihf-4.9-2014.09_linux/bin/../lib/gcc/arm-linux-gnueabihf/4.9.2/../../../../arm-linux-gnueabihf/lib/libgcc_s.so
START GROUP
LOAD /opt/crosstools/gcc-linaro-arm-linux-gnueabihf-4.9-2014.09_linux/bin/../lib/gcc/arm-linux-gnueabihf/4.9.2/../../../../arm-linux-gnueabihf/lib/libgcc_s.so.1
LOAD /opt/crosstools/gcc-linaro-arm-linux-gnueabihf-4.9-2014.09_linux/bin/../lib/gcc/arm-linux-gnueabihf/4.9.2/libgcc.a
END GROUP
LOAD /opt/crosstools/gcc-linaro-arm-linux-gnueabihf-4.9-2014.09_linux/bin/../lib/gcc/arm-linux-gnueabihf/4.9.2/crtend.o
LOAD /opt/crosstools/gcc-linaro-arm-linux-gnueabihf-4.9-2014.09_linux/bin/../arm-linux-gnueabihf/libc/usr/lib/arm-linux-gnueabihf/crtn.o
                0x00010000                PROVIDE (__executable_start, 0x10000)
                0x00010134                . = (0x10000 + SIZEOF_HEADERS)

.interp         0x00010134       0x19
 *(.interp)
 .interp        0x00010134       0x19 /opt/crosstools/gcc-linaro-arm-linux-gnueabihf-4.9-2014.09_linux/bin/../arm-linux-gnueabihf/libc/usr/lib/arm-linux-gnueabihf/crt1.o

.note.ABI-tag   0x00010150       0x20
 .note.ABI-tag  0x00010150       0x20 /opt/crosstools/gcc-linaro-arm-linux-gnueabihf-4.9-2014.09_linux/bin/../arm-linux-gnueabihf/libc/usr/lib/arm-linux-gnueabihf/crt1.o

.note.gnu.build-id
                0x00010170       0x24
 *(.note.gnu.build-id)
 .note.gnu.build-id
                0x00010170       0x24 linker stubs

.hash           0x00010194      0x314
 *(.hash)
 .hash          0x00010194      0x314 /opt/crosstools/gcc-linaro-arm-linux-gnueabihf-4.9-2014.09_linux/bin/../arm-linux-gnueabihf/libc/usr/lib/arm-linux-gnueabihf/crt1.o

.gnu.hash
 *(.gnu.hash)

.dynsym         0x000104a8      0x620
 *(.dynsym)
 .dynsym        0x000104a8      0x620 /opt/crosstools/gcc-linaro-arm-linux-gnueabihf-4.9-2014.09_linux/bin/../arm-linux-gnueabihf/libc/usr/lib/arm-linux-gnueabihf/crt1.o

.dynstr         0x00010ac8      0x3b1
 *(.dynstr)
 .dynstr        0x00010ac8      0x3b1 /opt/crosstools/gcc-linaro-arm-linux-gnueabihf-4.9-2014.09_linux/bin/../arm-linux-gnueabihf/libc/usr/lib/arm-linux-gnueabihf/crt1.o

.gnu.version    0x00010e7a       0xc4
 *(.gnu.version)
 .gnu.version   0x00010e7a       0xc4 /opt/crosstools/gcc-linaro-arm-linux-gnueabihf-4.9-2014.09_linux/bin/../arm-linux-gnueabihf/libc/usr/lib/arm-linux-gnueabihf/crt1.o

.gnu.version_d  0x00010f40        0x0
 *(.gnu.version_d)
 .gnu.version_d
                0x00000000        0x0 /opt/crosstools/gcc-linaro-arm-linux-gnueabihf-4.9-2014.09_linux/bin/../arm-linux-gnueabihf/libc/usr/lib/arm-linux-gnueabihf/crt1.o

.gnu.version_r  0x00010f40       0x60
 *(.gnu.version_r)
 .gnu.version_r
                0x00010f40       0x60 /opt/crosstools/gcc-linaro-arm-linux-gnueabihf-4.9-2014.09_linux/bin/../arm-linux-gnueabihf/libc/usr/lib/arm-linux-gnueabihf/crt1.o

.rel.dyn        0x00010fa0       0x20
 *(.rel.init)
 *(.rel.text .rel.text.* .rel.gnu.linkonce.t.*)
 *(.rel.fini)
 *(.rel.rodata .rel.rodata.* .rel.gnu.linkonce.r.*)
 *(.rel.data.rel.ro .rel.data.rel.ro.* .rel.gnu.linkonce.d.rel.ro.*)
 *(.rel.data .rel.data.* .rel.gnu.linkonce.d.*)
 *(.rel.tdata .rel.tdata.* .rel.gnu.linkonce.td.*)
 *(.rel.tbss .rel.tbss.* .rel.gnu.linkonce.tb.*)
 *(.rel.ctors)
 *(.rel.dtors)
 *(.rel.got)
 .rel.got       0x00010fa0        0x8 /opt/crosstools/gcc-linaro-arm-linux-gnueabihf-4.9-2014.09_linux/bin/../arm-linux-gnueabihf/libc/usr/lib/arm-linux-gnueabihf/crt1.o
 *(.rel.bss .rel.bss.* .rel.gnu.linkonce.b.*)
 .rel.bss       0x00010fa8       0x18 /opt/crosstools/gcc-linaro-arm-linux-gnueabihf-4.9-2014.09_linux/bin/../arm-linux-gnueabihf/libc/usr/lib/arm-linux-gnueabihf/crt1.o
                0x00010fc0                PROVIDE (__rel_iplt_start, .)
 *(.rel.iplt)
 .rel.iplt      0x00000000        0x0 /opt/crosstools/gcc-linaro-arm-linux-gnueabihf-4.9-2014.09_linux/bin/../arm-linux-gnueabihf/libc/usr/lib/arm-linux-gnueabihf/crt1.o
                0x00010fc0                PROVIDE (__rel_iplt_end, .)

.rela.dyn       0x00010fc0        0x0
 *(.rela.init)
 *(.rela.text .rela.text.* .rela.gnu.linkonce.t.*)
 *(.rela.fini)
 *(.rela.rodata .rela.rodata.* .rela.gnu.linkonce.r.*)
 *(.rela.data .rela.data.* .rela.gnu.linkonce.d.*)
 *(.rela.tdata .rela.tdata.* .rela.gnu.linkonce.td.*)
 *(.rela.tbss .rela.tbss.* .rela.gnu.linkonce.tb.*)
 *(.rela.ctors)
 *(.rela.dtors)
 *(.rela.got)
 *(.rela.bss .rela.bss.* .rela.gnu.linkonce.b.*)
                0x00010fc0                PROVIDE (__rela_iplt_start, .)
 *(.rela.iplt)
                0x00010fc0                PROVIDE (__rela_iplt_end, .)

.rel.plt        0x00010fc0      0x2d8
 *(.rel.plt)
 .rel.plt       0x00010fc0      0x2d8 /opt/crosstools/gcc-linaro-arm-linux-gnueabihf-4.9-2014.09_linux/bin/../arm-linux-gnueabihf/libc/usr/lib/arm-linux-gnueabihf/crt1.o

.rela.plt
 *(.rela.plt)

.init           0x00011298        0xc
 *(SORT(.init))
 .init          0x00011298        0x8 /opt/crosstools/gcc-linaro-arm-linux-gnueabihf-4.9-2014.09_linux/bin/../arm-linux-gnueabihf/libc/usr/lib/arm-linux-gnueabihf/crti.o
                0x00011298                _init
 .init          0x000112a0        0x4 /opt/crosstools/gcc-linaro-arm-linux-gnueabihf-4.9-2014.09_linux/bin/../arm-linux-gnueabihf/libc/usr/lib/arm-linux-gnueabihf/crtn.o

.plt            0x000112a4      0x460
 *(.plt)
 .plt           0x000112a4      0x460 /opt/crosstools/gcc-linaro-arm-linux-gnueabihf-4.9-2014.09_linux/bin/../arm-linux-gnueabihf/libc/usr/lib/arm-linux-gnueabihf/crt1.o
                0x000112b8                pthread_mutex_unlock@@GLIBC_2.4
                0x000112c4                raise@@GLIBC_2.4
                0x000112d0                fsync@@GLIBC_2.4
                0x000112dc                pthread_mutexattr_init@@GLIBC_2.4
                0x000112e8                strcmp@@GLIBC_2.4
                0x000112f4                strtol@@GLIBC_2.4
                0x00011300                getpwuid@@GLIBC_2.4
                0x0001130c                printf@@GLIBC_2.4
                0x00011318                read@@GLIBC_2.4
                0x00011324                pthread_mutex_destroy@@GLIBC_2.4
                0x00011330                fflush@@GLIBC_2.4
                0x0001133c                getuid@@GLIBC_2.4
                0x00011348                memmove@@GLIBC_2.4
                0x00011354                free@@GLIBC_2.4
                0x00011360                fgets@@GLIBC_2.4
                0x0001136c                pthread_mutex_lock@@GLIBC_2.4
                0x00011378                memcpy@@GLIBC_2.4
                0x00011384                mmap64@@GLIBC_2.4
                0x00011390                tolower@@GLIBC_2.4
                0x0001139c                pthread_mutex_init@@GLIBC_2.4
                0x000113a8                signal@@GLIBC_2.4
                0x000113b4                time@@GLIBC_2.4
                0x000113c0                rmdir@@GLIBC_2.4
                0x000113cc                pthread_mutex_trylock@@GLIBC_2.4
                0x000113d8                ftruncate64@@GLIBC_2.4
                0x000113e4                ftell@@GLIBC_2.4
                0x000113f0                memcmp@@GLIBC_2.4
                0x000113fc                sleep@@GLIBC_2.4
                0x00011408                rewind@@GLIBC_2.4
                0x00011414                dlclose@@GLIBC_2.4
                0x00011420                unlink@@GLIBC_2.4
                0x0001142c                realloc@@GLIBC_2.4
                0x00011438                dlerror@@GLIBC_2.4
                0x00011444                geteuid@@GLIBC_2.4
                0x00011454                __fxstat64@@GLIBC_2.4
                0x00011460                _IO_putc@@GLIBC_2.4
                0x0001146c                fwrite@@GLIBC_2.4
                0x00011478                lseek64@@GLIBC_2.4
                0x00011484                gettimeofday@@GLIBC_2.4
                0x00011490                dlopen@@GLIBC_2.4
                0x0001149c                fread@@GLIBC_2.4
                0x000114a8                pthread_create@@GLIBC_2.4
                0x000114b4                open64@@GLIBC_2.4
                0x000114c0                getenv@@GLIBC_2.4
                0x000114cc                puts@@GLIBC_2.4
                0x000114d8                malloc@@GLIBC_2.4
                0x000114e4                __libc_start_main@@GLIBC_2.4
                0x000114f0                system@@GLIBC_2.4
                0x000114fc                localtime@@GLIBC_2.4
                0x00011514                pthread_mutexattr_settype@@GLIBC_2.4
                0x00011520                __ctype_b_loc@@GLIBC_2.4
                0x0001152c                getcwd@@GLIBC_2.4
                0x00011538                getpid@@GLIBC_2.4
                0x00011544                exit@@GLIBC_2.4
                0x00011550                strlen@@GLIBC_2.4
                0x0001155c                strchr@@GLIBC_2.4
                0x00011568                fchown@@GLIBC_2.4
                0x00011574                fprintf@@GLIBC_2.4
                0x00011580                getpagesize@@GLIBC_2.4
                0x0001158c                fcntl@@GLIBC_2.4
                0x00011598                __errno_location@@GLIBC_2.4
                0x000115a4                mkdir@@GLIBC_2.4
                0x000115b0                setvbuf@@GLIBC_2.4
                0x000115bc                memset@@GLIBC_2.4
                0x000115c8                utimes@@GLIBC_2.4
                0x000115d4                putchar@@GLIBC_2.4
                0x000115e0                strncpy@@GLIBC_2.4
                0x000115ec                fgetc@@GLIBC_2.4
                0x000115f8                write@@GLIBC_2.4
                0x00011604                access@@GLIBC_2.4
                0x00011610                fclose@@GLIBC_2.4
                0x0001161c                munmap@@GLIBC_2.4
                0x00011628                popen@@GLIBC_2.4
                0x00011634                pthread_join@@GLIBC_2.4
                0x00011640                fputc@@GLIBC_2.4
                0x0001164c                fopen64@@GLIBC_2.4
                0x00011658                getrusage@@GLIBC_2.4
                0x00011664                mremap@@GLIBC_2.4
                0x00011670                fseek@@GLIBC_2.4
                0x00011680                __xstat64@@GLIBC_2.4
                0x0001168c                isatty@@GLIBC_2.4
                0x00011698                fputs@@GLIBC_2.4
                0x000116a4                strncmp@@GLIBC_2.4
                0x000116b0                abort@@GLIBC_2.4
                0x000116bc                close@@GLIBC_2.4
                0x000116c8                dlsym@@GLIBC_2.4
                0x000116d4                pthread_mutexattr_destroy@@GLIBC_2.4
                0x000116e0                __assert_fail@@GLIBC_2.4
                0x000116ec                fchmod@@GLIBC_2.4
                0x000116f8                pclose@@GLIBC_2.4

.iplt           0x00011704        0x0
 *(.iplt)
 .iplt          0x00000000        0x0 /opt/crosstools/gcc-linaro-arm-linux-gnueabihf-4.9-2014.09_linux/bin/../arm-linux-gnueabihf/libc/usr/lib/arm-linux-gnueabihf/crt1.o

.text           0x00011708    0x76ac8
 *(.text.unlikely .text.*_unlikely .text.unlikely.*)
 *(.text.exit .text.exit.*)
 *(.text.startup .text.startup.*)
 *(.text.hot .text.hot.*)
 *(.text .stub .text.* .gnu.linkonce.t.*)
 .text          0x00011708       0x30 /opt/crosstools/gcc-linaro-arm-linux-gnueabihf-4.9-2014.09_linux/bin/../arm-linux-gnueabihf/libc/usr/lib/arm-linux-gnueabihf/crt1.o
                0x00011708                _start
 .text          0x00011738       0x24 /opt/crosstools/gcc-linaro-arm-linux-gnueabihf-4.9-2014.09_linux/bin/../arm-linux-gnueabihf/libc/usr/lib/arm-linux-gnueabihf/crti.o
 .text          0x0001175c       0x8c /opt/crosstools/gcc-linaro-arm-linux-gnueabihf-4.9-2014.09_linux/bin/../lib/gcc/arm-linux-gnueabihf/4.9.2/crtbegin.o
 .text          0x000117e8     0xb090 shell.o
                0x000155ac                get2byteInt
                0x000155d0                get4byteInt
                0x0001b30c                main
 .text          0x0001c878    0x6acc0 sqlite3.o
                0x0001c878                sqlite3_compileoption_used
                0x0001c904                sqlite3_compileoption_get
                0x0001ca6c                sqlite3_status64
                0x0001cb20                sqlite3_status
                0x0001cb64                sqlite3_db_status
                0x0001f6d4                sqlite3_vfs_find
                0x0001f7c4                sqlite3_vfs_register
                0x0001f850                sqlite3_vfs_unregister
                0x0001fb10                sqlite3_mutex_alloc
                0x0001fb8c                sqlite3_mutex_free
                0x0001fbb0                sqlite3_mutex_enter
                0x0001fbd4                sqlite3_mutex_try
                0x0001fc04                sqlite3_mutex_leave
                0x0001fe1c                sqlite3_release_memory
                0x0001fefc                sqlite3_memory_alarm
                0x0001ff20                sqlite3_soft_heap_limit64
                0x0001fff0                sqlite3_soft_heap_limit
                0x00020234                sqlite3_memory_used
                0x00020258                sqlite3_memory_highwater
                0x0002045c                sqlite3_malloc
                0x00020498                sqlite3_malloc64
                0x00020760                sqlite3_msize
                0x00020788                sqlite3_free
                0x000209fc                sqlite3_realloc
                0x00020a38                sqlite3_realloc64
                0x000228c8                sqlite3_vmprintf
                0x00022920                sqlite3_mprintf
                0x00022958                sqlite3_vsnprintf
                0x000229a4                sqlite3_snprintf
                0x00022a38                sqlite3_log
                0x00022a9c                sqlite3_randomness
                0x000239c4                sqlite3_stricmp
                0x00023a48                sqlite3_strnicmp
                0x000292e4                sqlite3_os_init
                0x0002932c                sqlite3_os_end
                0x000330a0                sqlite3_enable_shared_cache
                0x0003d47c                sqlite3_backup_init
                0x0003d7f0                sqlite3_backup_step
                0x0003dd24                sqlite3_backup_finish
                0x0003de14                sqlite3_backup_remaining
                0x0003de2c                sqlite3_backup_pagecount
                0x0003f660                sqlite3_sql
                0x00043784                sqlite3_expired
                0x00043890                sqlite3_finalize
                0x0004390c                sqlite3_reset
                0x00043978                sqlite3_clear_bindings
                0x00043a10                sqlite3_value_blob
                0x00043a68                sqlite3_value_bytes
                0x00043a84                sqlite3_value_bytes16
                0x00043aa0                sqlite3_value_double
                0x00043abc                sqlite3_value_int
                0x00043ad8                sqlite3_value_int64
                0x00043af4                sqlite3_value_text
                0x00043b10                sqlite3_value_text16
                0x00043b2c                sqlite3_value_text16be
                0x00043b48                sqlite3_value_text16le
                0x00043b64                sqlite3_value_type
                0x00043b8c                sqlite3_value_dup
                0x00043c20                sqlite3_value_free
                0x00043ca0                sqlite3_result_blob
                0x00043cc4                sqlite3_result_blob64
                0x00043d08                sqlite3_result_double
                0x00043d28                sqlite3_result_error
                0x00043d5c                sqlite3_result_error16
                0x00043d90                sqlite3_result_int
                0x00043db4                sqlite3_result_int64
                0x00043dd4                sqlite3_result_null
                0x00043dec                sqlite3_result_text
                0x00043e10                sqlite3_result_text64
                0x00043e68                sqlite3_result_text16
                0x00043e8c                sqlite3_result_text16be
                0x00043eb0                sqlite3_result_text16le
                0x00043ed4                sqlite3_result_value
                0x00043ef0                sqlite3_result_zeroblob
                0x00043f0c                sqlite3_result_zeroblob64
                0x00043f54                sqlite3_result_error_code
                0x00043f9c                sqlite3_result_error_toobig
                0x00043fd0                sqlite3_result_error_nomem
                0x00044258                sqlite3_step
                0x00044368                sqlite3_user_data
                0x00044384                sqlite3_context_db_handle
                0x0004448c                sqlite3_aggregate_context
                0x000444c0                sqlite3_get_auxdata
                0x00044514                sqlite3_set_auxdata
                0x000445ec                sqlite3_aggregate_count
                0x00044608                sqlite3_column_count
                0x00044630                sqlite3_data_count
                0x00044738                sqlite3_column_blob
                0x00044764                sqlite3_column_bytes
                0x00044790                sqlite3_column_bytes16
                0x000447bc                sqlite3_column_double
                0x000447f4                sqlite3_column_int
                0x00044820                sqlite3_column_int64
                0x00044854                sqlite3_column_text
                0x00044880                sqlite3_column_value
                0x000448cc                sqlite3_column_text16
                0x000448f8                sqlite3_column_type
                0x000449b0                sqlite3_column_name
                0x000449d8                sqlite3_column_name16
                0x00044a00                sqlite3_column_decltype
                0x00044a28                sqlite3_column_decltype16
                0x00044c3c                sqlite3_bind_blob
                0x00044c68                sqlite3_bind_blob64
                0x00044cb8                sqlite3_bind_double
                0x00044d0c                sqlite3_bind_int
                0x00044d34                sqlite3_bind_int64
                0x00044d88                sqlite3_bind_null
                0x00044dbc                sqlite3_bind_text
                0x00044de8                sqlite3_bind_text64
                0x00044e48                sqlite3_bind_text16
                0x00044e74                sqlite3_bind_value
                0x00044f44                sqlite3_bind_zeroblob
                0x00044f94                sqlite3_bind_zeroblob64
                0x00045004                sqlite3_bind_parameter_count
                0x00045030                sqlite3_bind_parameter_name
                0x000450f4                sqlite3_bind_parameter_index
                0x0004518c                sqlite3_transfer_bindings
                0x00045218                sqlite3_db_handle
                0x0004523c                sqlite3_stmt_readonly
                0x00045268                sqlite3_stmt_busy
                0x000452a4                sqlite3_next_stmt
                0x000452e0                sqlite3_stmt_status
                0x000458a4                sqlite3_value_numeric_type
                0x0004cf3c                sqlite3_blob_open
                0x0004d3bc                sqlite3_blob_close
                0x0004d4fc                sqlite3_blob_read
                0x0004d52c                sqlite3_blob_write
                0x0004d55c                sqlite3_blob_bytes
                0x0004d58c                sqlite3_blob_reopen
                0x000598e8                sqlite3_set_authorizer
                0x000615e4                sqlite3_strglob
                0x00066ac8                sqlite3_exec
                0x000670ec                sqlite3_load_extension
                0x0006717c                sqlite3_enable_load_extension
                0x000671c4                sqlite3_auto_extension
                0x000672bc                sqlite3_cancel_auto_extension
                0x00067364                sqlite3_reset_auto_extension
                0x0006b894                sqlite3_prepare
                0x0006b8c8                sqlite3_prepare_v2
                0x0006ba0c                sqlite3_prepare16
                0x0006ba3c                sqlite3_prepare16_v2
                0x0007283c                sqlite3_get_table
                0x000729b0                sqlite3_free_table
                0x000755e0                sqlite3_create_module
                0x00075608                sqlite3_create_module_v2
                0x000761a8                sqlite3_declare_vtab
                0x00076880                sqlite3_vtab_on_conflict
                0x000768a8                sqlite3_vtab_config
                0x00083d0c                sqlite3_complete
                0x000841e8                sqlite3_complete16
                0x0008424c                sqlite3_libversion
                0x00084264                sqlite3_sourceid
                0x0008427c                sqlite3_libversion_number
                0x00084294                sqlite3_threadsafe
                0x000842a4                sqlite3_initialize
                0x000844d0                sqlite3_shutdown
                0x00084580                sqlite3_config
                0x00084ad8                sqlite3_db_mutex
                0x00084af0                sqlite3_db_release_memory
                0x00084b5c                sqlite3_db_config
                0x00084d80                sqlite3_last_insert_rowid
                0x00084d9c                sqlite3_changes
                0x00084db4                sqlite3_total_changes
                0x00084fcc                sqlite3_close
                0x00084fe8                sqlite3_close_v2
                0x00085454                sqlite3_busy_handler
                0x000854a0                sqlite3_progress_handler
                0x00085500                sqlite3_busy_timeout
                0x00085540                sqlite3_interrupt
                0x00085738                sqlite3_create_function
                0x00085770                sqlite3_create_function_v2
                0x0008581c                sqlite3_create_function16
                0x0008588c                sqlite3_overload_function
                0x00085910                sqlite3_trace
                0x00085954                sqlite3_profile
                0x00085998                sqlite3_commit_hook
                0x000859dc                sqlite3_update_hook
                0x00085a20                sqlite3_rollback_hook
                0x00085a94                sqlite3_wal_autocheckpoint
                0x00085acc                sqlite3_wal_hook
                0x00085b10                sqlite3_wal_checkpoint_v2
                0x00085bd0                sqlite3_wal_checkpoint
                0x00085ca0                sqlite3_errmsg
                0x00085d30                sqlite3_errmsg16
                0x00085dd8                sqlite3_errcode
                0x00085e28                sqlite3_extended_errcode
                0x00085e74                sqlite3_errstr
                0x00085fc8                sqlite3_limit
                0x00086a20                sqlite3_open
                0x00086a40                sqlite3_open_v2
                0x00086a64                sqlite3_open16
                0x00086b18                sqlite3_create_collation
                0x00086b44                sqlite3_create_collation_v2
                0x00086b94                sqlite3_create_collation16
                0x00086c04                sqlite3_collation_needed
                0x00086c48                sqlite3_collation_needed16
                0x00086c8c                sqlite3_global_recover
                0x00086c9c                sqlite3_get_autocommit
                0x00086d3c                sqlite3_thread_cleanup
                0x00086d48                sqlite3_table_column_metadata
                0x00086f80                sqlite3_sleep
                0x00086fcc                sqlite3_extended_result_codes
                0x00087008                sqlite3_file_control
                0x00087090                sqlite3_test_control
                0x0008736c                sqlite3_uri_parameter
                0x000873e4                sqlite3_uri_boolean
                0x00087428                sqlite3_uri_int64
                0x000874d8                sqlite3_db_filename
                0x00087508                sqlite3_db_readonly
 .text          0x00087538      0x278 /opt/crosstools/gcc-linaro-arm-linux-gnueabihf-4.9-2014.09_linux/bin/../lib/gcc/arm-linux-gnueabihf/4.9.2/libgcc.a(_udivsi3.o)
                0x00087538                __aeabi_uidiv
                0x00087538                __udivsi3
                0x00087794                __aeabi_uidivmod
 .text          0x000877b0      0x2b0 /opt/crosstools/gcc-linaro-arm-linux-gnueabihf-4.9-2014.09_linux/bin/../lib/gcc/arm-linux-gnueabihf/4.9.2/libgcc.a(_divsi3.o)
                0x000877b0                __divsi3
                0x000877b0                __aeabi_idiv
                0x00087a44                __aeabi_idivmod
 .text          0x00087a60      0x370 /opt/crosstools/gcc-linaro-arm-linux-gnueabihf-4.9-2014.09_linux/bin/../lib/gcc/arm-linux-gnueabihf/4.9.2/libgcc.a(_arm_addsubdf3.o)
                0x00087a60                __aeabi_drsub
                0x00087a68                __aeabi_dsub
                0x00087a68                __subdf3
                0x00087a6c                __adddf3
                0x00087a6c                __aeabi_dadd
                0x00087ce4                __floatunsidf
                0x00087ce4                __aeabi_ui2d
                0x00087d04                __aeabi_i2d
                0x00087d04                __floatsidf
                0x00087d28                __aeabi_f2d
                0x00087d28                __extendsfdf2
                0x00087d64                __aeabi_ul2d
                0x00087d64                __floatundidf
                0x00087d74                __floatdidf
                0x00087d74                __aeabi_l2d
 .text          0x00087dd0       0x38 /opt/crosstools/gcc-linaro-arm-linux-gnueabihf-4.9-2014.09_linux/bin/../lib/gcc/arm-linux-gnueabihf/4.9.2/libgcc.a(_aeabi_ldivmod.o)
                0x00087dd0                __aeabi_ldivmod
 .text          0x00087e08       0x2c /opt/crosstools/gcc-linaro-arm-linux-gnueabihf-4.9-2014.09_linux/bin/../lib/gcc/arm-linux-gnueabihf/4.9.2/libgcc.a(_aeabi_uldivmod.o)
                0x00087e08                __aeabi_uldivmod
 .text          0x00087e34        0xc /opt/crosstools/gcc-linaro-arm-linux-gnueabihf-4.9-2014.09_linux/bin/../lib/gcc/arm-linux-gnueabihf/4.9.2/libgcc.a(_dvmd_lnx.o)
                0x00087e34                __aeabi_ldiv0
                0x00087e34                __aeabi_idiv0
 .text          0x00087e40       0x24 /opt/crosstools/gcc-linaro-arm-linux-gnueabihf-4.9-2014.09_linux/bin/../lib/gcc/arm-linux-gnueabihf/4.9.2/libgcc.a(_fixdfdi.o)
                0x00087e40                __aeabi_d2lz
                0x00087e40                __fixdfdi
 *fill*         0x00087e64        0x4 
 .text          0x00087e68       0x48 /opt/crosstools/gcc-linaro-arm-linux-gnueabihf-4.9-2014.09_linux/bin/../lib/gcc/arm-linux-gnueabihf/4.9.2/libgcc.a(_fixunsdfdi.o)
                0x00087e68                __aeabi_d2ulz
                0x00087e68                __fixunsdfdi
 .text          0x00087eb0       0x60 /opt/crosstools/gcc-linaro-arm-linux-gnueabihf-4.9-2014.09_linux/bin/../lib/gcc/arm-linux-gnueabihf/4.9.2/libgcc.a(bpabi.o)
                0x00087eb0                __gnu_ldivmod_helper
                0x00087ee0                __gnu_uldivmod_helper
 .text          0x00087f10      0x15c /opt/crosstools/gcc-linaro-arm-linux-gnueabihf-4.9-2014.09_linux/bin/../lib/gcc/arm-linux-gnueabihf/4.9.2/libgcc.a(_divdi3.o)
                0x00087f10                __divdi3
 .text          0x0008806c      0x108 /opt/crosstools/gcc-linaro-arm-linux-gnueabihf-4.9-2014.09_linux/bin/../lib/gcc/arm-linux-gnueabihf/4.9.2/libgcc.a(_udivdi3.o)
                0x0008806c                __udivdi3
 .text          0x00088174       0x44 /opt/crosstools/gcc-linaro-arm-linux-gnueabihf-4.9-2014.09_linux/bin/../arm-linux-gnueabihf/libc/usr/lib/arm-linux-gnueabihf/libc_nonshared.a(elf-init.oS)
                0x00088174                __libc_csu_init
                0x000881b4                __libc_csu_fini
 .text          0x000881b8        0xc /opt/crosstools/gcc-linaro-arm-linux-gnueabihf-4.9-2014.09_linux/bin/../arm-linux-gnueabihf/libc/usr/lib/arm-linux-gnueabihf/libc_nonshared.a(stat64.oS)
                0x000881b8                stat64
 .text          0x000881c4        0xc /opt/crosstools/gcc-linaro-arm-linux-gnueabihf-4.9-2014.09_linux/bin/../arm-linux-gnueabihf/libc/usr/lib/arm-linux-gnueabihf/libc_nonshared.a(fstat64.oS)
                0x000881c4                fstat64
 .text          0x000881d0        0x0 /opt/crosstools/gcc-linaro-arm-linux-gnueabihf-4.9-2014.09_linux/bin/../lib/gcc/arm-linux-gnueabihf/4.9.2/crtend.o
 .text          0x000881d0        0x0 /opt/crosstools/gcc-linaro-arm-linux-gnueabihf-4.9-2014.09_linux/bin/../arm-linux-gnueabihf/libc/usr/lib/arm-linux-gnueabihf/crtn.o
 *(.gnu.warning)
 *(.glue_7t)
 .glue_7t       0x00000000        0x0 linker stubs
 *(.glue_7)
 .glue_7        0x00000000        0x0 linker stubs
 *(.vfp11_veneer)
 .vfp11_veneer  0x00000000        0x0 linker stubs
 *(.v4_bx)
 .v4_bx         0x00000000        0x0 linker stubs

.fini           0x000881d0        0x8
 *(SORT(.fini))
 .fini          0x000881d0        0x4 /opt/crosstools/gcc-linaro-arm-linux-gnueabihf-4.9-2014.09_linux/bin/../arm-linux-gnueabihf/libc/usr/lib/arm-linux-gnueabihf/crti.o
                0x000881d0                _fini
 .fini          0x000881d4        0x4 /opt/crosstools/gcc-linaro-arm-linux-gnueabihf-4.9-2014.09_linux/bin/../arm-linux-gnueabihf/libc/usr/lib/arm-linux-gnueabihf/crtn.o
                0x000881d8                PROVIDE (__etext, .)
                0x000881d8                PROVIDE (_etext, .)
                0x000881d8                PROVIDE (etext, .)

.rodata         0x000881d8     0xb940
 *(.rodata .rodata.* .gnu.linkonce.r.*)
 .rodata.cst4   0x000881d8        0x4 /opt/crosstools/gcc-linaro-arm-linux-gnueabihf-4.9-2014.09_linux/bin/../arm-linux-gnueabihf/libc/usr/lib/arm-linux-gnueabihf/crt1.o
                0x000881d8                _IO_stdin_used
 .rodata        0x000881dc     0x3448 shell.o
 *fill*         0x0008b624        0x4 
 .rodata        0x0008b628     0x84f0 sqlite3.o
                0x0008b628                sqlite3_version

.rodata1
 *(.rodata1)

.ARM.extab      0x00093b18        0x0
 *(.ARM.extab* .gnu.linkonce.armextab.*)
 .ARM.extab     0x00093b18        0x0 /opt/crosstools/gcc-linaro-arm-linux-gnueabihf-4.9-2014.09_linux/bin/../arm-linux-gnueabihf/libc/usr/lib/arm-linux-gnueabihf/crt1.o
 .ARM.extab     0x00093b18        0x0 /opt/crosstools/gcc-linaro-arm-linux-gnueabihf-4.9-2014.09_linux/bin/../lib/gcc/arm-linux-gnueabihf/4.9.2/libgcc.a(_divdi3.o)
 .ARM.extab     0x00093b18        0x0 /opt/crosstools/gcc-linaro-arm-linux-gnueabihf-4.9-2014.09_linux/bin/../lib/gcc/arm-linux-gnueabihf/4.9.2/libgcc.a(_udivdi3.o)
                0x00093b18                PROVIDE (__exidx_start, .)

.ARM.exidx      0x00093b18        0x8
 *(.ARM.exidx* .gnu.linkonce.armexidx.*)
 .ARM.exidx     0x00093b18        0x8 /opt/crosstools/gcc-linaro-arm-linux-gnueabihf-4.9-2014.09_linux/bin/../arm-linux-gnueabihf/libc/usr/lib/arm-linux-gnueabihf/crt1.o
 .ARM.exidx     0x00093b20        0x0 /opt/crosstools/gcc-linaro-arm-linux-gnueabihf-4.9-2014.09_linux/bin/../lib/gcc/arm-linux-gnueabihf/4.9.2/libgcc.a(_divdi3.o)
                                  0x8 (size before relaxing)
 .ARM.exidx     0x00093b20        0x0 /opt/crosstools/gcc-linaro-arm-linux-gnueabihf-4.9-2014.09_linux/bin/../lib/gcc/arm-linux-gnueabihf/4.9.2/libgcc.a(_udivdi3.o)
                                  0x8 (size before relaxing)
                0x00093b20                PROVIDE (__exidx_end, .)

.eh_frame_hdr   0x00093b20        0x0
 *(.eh_frame_hdr)
 .eh_frame_hdr  0x00000000        0x0 /opt/crosstools/gcc-linaro-arm-linux-gnueabihf-4.9-2014.09_linux/bin/../arm-linux-gnueabihf/libc/usr/lib/arm-linux-gnueabihf/crtn.o

.eh_frame       0x00093b20        0x4
 *(.eh_frame)
 .eh_frame      0x00093b20        0x4 /opt/crosstools/gcc-linaro-arm-linux-gnueabihf-4.9-2014.09_linux/bin/../lib/gcc/arm-linux-gnueabihf/4.9.2/crtend.o

.gcc_except_table
 *(.gcc_except_table .gcc_except_table.*)

.exception_ranges
 *(.exception_ranges .exception_ranges*)
                0x00093b24                . = (ALIGN (0x10000) - ((0x10000 - .) & 0xffff))
                0x000a3b24                . = DATA_SEGMENT_ALIGN (0x10000, 0x1000)

.eh_frame
 *(.eh_frame)

.gcc_except_table
 *(.gcc_except_table .gcc_except_table.*)

.exception_ranges
 *(.exception_ranges .exception_ranges*)

.tdata
 *(.tdata .tdata.* .gnu.linkonce.td.*)

.tbss
 *(.tbss .tbss.* .gnu.linkonce.tb.*)
 *(.tcommon)

.preinit_array  0x000a3b24        0x0
                0x000a3b24                PROVIDE (__preinit_array_start, .)
 *(.preinit_array)
                0x000a3b24                PROVIDE (__preinit_array_end, .)

.init_array     0x000a3b24        0x4
                0x000a3b24                PROVIDE (__init_array_start, .)
 *(SORT(.init_array.*))
 *(.init_array)
 .init_array    0x000a3b24        0x4 /opt/crosstools/gcc-linaro-arm-linux-gnueabihf-4.9-2014.09_linux/bin/../lib/gcc/arm-linux-gnueabihf/4.9.2/crtbegin.o
                0x000a3b28                PROVIDE (__init_array_end, .)

.fini_array     0x000a3b28        0x4
                0x000a3b28                PROVIDE (__fini_array_start, .)
 *(SORT(.fini_array.*))
 *(.fini_array)
 .fini_array    0x000a3b28        0x4 /opt/crosstools/gcc-linaro-arm-linux-gnueabihf-4.9-2014.09_linux/bin/../lib/gcc/arm-linux-gnueabihf/4.9.2/crtbegin.o
                0x000a3b2c                PROVIDE (__fini_array_end, .)

.ctors
 *crtbegin.o(.ctors)
 *crtbegin?.o(.ctors)
 *(EXCLUDE_FILE(*crtend?.o *crtend.o) .ctors)
 *(SORT(.ctors.*))
 *(.ctors)

.dtors
 *crtbegin.o(.dtors)
 *crtbegin?.o(.dtors)
 *(EXCLUDE_FILE(*crtend?.o *crtend.o) .dtors)
 *(SORT(.dtors.*))
 *(.dtors)

.jcr            0x000a3b2c        0x4
 *(.jcr)
 .jcr           0x000a3b2c        0x0 /opt/crosstools/gcc-linaro-arm-linux-gnueabihf-4.9-2014.09_linux/bin/../lib/gcc/arm-linux-gnueabihf/4.9.2/crtbegin.o
 .jcr           0x000a3b2c        0x4 /opt/crosstools/gcc-linaro-arm-linux-gnueabihf-4.9-2014.09_linux/bin/../lib/gcc/arm-linux-gnueabihf/4.9.2/crtend.o

.data.rel.ro
 *(.data.rel.ro.local* .gnu.linkonce.d.rel.ro.local.*)
 *(.data.rel.ro .data.rel.ro.* .gnu.linkonce.d.rel.ro.*)

.dynamic        0x000a3b30      0x100
 *(.dynamic)
 .dynamic       0x000a3b30      0x100 /opt/crosstools/gcc-linaro-arm-linux-gnueabihf-4.9-2014.09_linux/bin/../arm-linux-gnueabihf/libc/usr/lib/arm-linux-gnueabihf/crt1.o
                0x000a3b30                _DYNAMIC
                0x000a3c30                . = DATA_SEGMENT_RELRO_END (., 0x0)

.got            0x000a3c30      0x17c
 *(.got.plt)
 .got.plt       0x000a3c30      0x178 /opt/crosstools/gcc-linaro-arm-linux-gnueabihf-4.9-2014.09_linux/bin/../arm-linux-gnueabihf/libc/usr/lib/arm-linux-gnueabihf/crt1.o
                0x000a3c30                _GLOBAL_OFFSET_TABLE_
 *(.igot.plt)
 .igot.plt      0x00000000        0x0 /opt/crosstools/gcc-linaro-arm-linux-gnueabihf-4.9-2014.09_linux/bin/../arm-linux-gnueabihf/libc/usr/lib/arm-linux-gnueabihf/crt1.o
 *(.got)
 .got           0x000a3da8        0x4 /opt/crosstools/gcc-linaro-arm-linux-gnueabihf-4.9-2014.09_linux/bin/../arm-linux-gnueabihf/libc/usr/lib/arm-linux-gnueabihf/crt1.o
 *(.igot)

.data           0x000a3db0     0x1cd0
                0x000a3db0                PROVIDE (__data_start, .)
 *(.data .data.* .gnu.linkonce.d.*)
 .data          0x000a3db0        0x4 /opt/crosstools/gcc-linaro-arm-linux-gnueabihf-4.9-2014.09_linux/bin/../arm-linux-gnueabihf/libc/usr/lib/arm-linux-gnueabihf/crt1.o
                0x000a3db0                data_start
                0x000a3db0                __data_start
 .data          0x000a3db4        0x0 /opt/crosstools/gcc-linaro-arm-linux-gnueabihf-4.9-2014.09_linux/bin/../arm-linux-gnueabihf/libc/usr/lib/arm-linux-gnueabihf/crti.o
 .data          0x000a3db4        0x4 /opt/crosstools/gcc-linaro-arm-linux-gnueabihf-4.9-2014.09_linux/bin/../lib/gcc/arm-linux-gnueabihf/4.9.2/crtbegin.o
                0x000a3db4                __dso_handle
 .data          0x000a3db8      0xee0 shell.o
 .data          0x000a4c98      0xde8 sqlite3.o
 .data          0x000a5a80        0x0 /opt/crosstools/gcc-linaro-arm-linux-gnueabihf-4.9-2014.09_linux/bin/../lib/gcc/arm-linux-gnueabihf/4.9.2/libgcc.a(_udivsi3.o)
 .data          0x000a5a80        0x0 /opt/crosstools/gcc-linaro-arm-linux-gnueabihf-4.9-2014.09_linux/bin/../lib/gcc/arm-linux-gnueabihf/4.9.2/libgcc.a(_divsi3.o)
 .data          0x000a5a80        0x0 /opt/crosstools/gcc-linaro-arm-linux-gnueabihf-4.9-2014.09_linux/bin/../lib/gcc/arm-linux-gnueabihf/4.9.2/libgcc.a(_arm_addsubdf3.o)
 .data          0x000a5a80        0x0 /opt/crosstools/gcc-linaro-arm-linux-gnueabihf-4.9-2014.09_linux/bin/../lib/gcc/arm-linux-gnueabihf/4.9.2/libgcc.a(_aeabi_ldivmod.o)
 .data          0x000a5a80        0x0 /opt/crosstools/gcc-linaro-arm-linux-gnueabihf-4.9-2014.09_linux/bin/../lib/gcc/arm-linux-gnueabihf/4.9.2/libgcc.a(_aeabi_uldivmod.o)
 .data          0x000a5a80        0x0 /opt/crosstools/gcc-linaro-arm-linux-gnueabihf-4.9-2014.09_linux/bin/../lib/gcc/arm-linux-gnueabihf/4.9.2/libgcc.a(_dvmd_lnx.o)
 .data          0x000a5a80        0x0 /opt/crosstools/gcc-linaro-arm-linux-gnueabihf-4.9-2014.09_linux/bin/../lib/gcc/arm-linux-gnueabihf/4.9.2/libgcc.a(_fixdfdi.o)
 .data          0x000a5a80        0x0 /opt/crosstools/gcc-linaro-arm-linux-gnueabihf-4.9-2014.09_linux/bin/../lib/gcc/arm-linux-gnueabihf/4.9.2/libgcc.a(_fixunsdfdi.o)
 .data          0x000a5a80        0x0 /opt/crosstools/gcc-linaro-arm-linux-gnueabihf-4.9-2014.09_linux/bin/../lib/gcc/arm-linux-gnueabihf/4.9.2/libgcc.a(bpabi.o)
 .data          0x000a5a80        0x0 /opt/crosstools/gcc-linaro-arm-linux-gnueabihf-4.9-2014.09_linux/bin/../lib/gcc/arm-linux-gnueabihf/4.9.2/libgcc.a(_divdi3.o)
 .data          0x000a5a80        0x0 /opt/crosstools/gcc-linaro-arm-linux-gnueabihf-4.9-2014.09_linux/bin/../lib/gcc/arm-linux-gnueabihf/4.9.2/libgcc.a(_udivdi3.o)
 .data          0x000a5a80        0x0 /opt/crosstools/gcc-linaro-arm-linux-gnueabihf-4.9-2014.09_linux/bin/../arm-linux-gnueabihf/libc/usr/lib/arm-linux-gnueabihf/libc_nonshared.a(elf-init.oS)
 .data          0x000a5a80        0x0 /opt/crosstools/gcc-linaro-arm-linux-gnueabihf-4.9-2014.09_linux/bin/../arm-linux-gnueabihf/libc/usr/lib/arm-linux-gnueabihf/libc_nonshared.a(stat64.oS)
 .data          0x000a5a80        0x0 /opt/crosstools/gcc-linaro-arm-linux-gnueabihf-4.9-2014.09_linux/bin/../arm-linux-gnueabihf/libc/usr/lib/arm-linux-gnueabihf/libc_nonshared.a(fstat64.oS)
 .data          0x000a5a80        0x0 /opt/crosstools/gcc-linaro-arm-linux-gnueabihf-4.9-2014.09_linux/bin/../lib/gcc/arm-linux-gnueabihf/4.9.2/crtend.o
 .data          0x000a5a80        0x0 /opt/crosstools/gcc-linaro-arm-linux-gnueabihf-4.9-2014.09_linux/bin/../arm-linux-gnueabihf/libc/usr/lib/arm-linux-gnueabihf/crtn.o

.tm_clone_table
                0x000a5a80        0x0
 .tm_clone_table
                0x000a5a80        0x0 /opt/crosstools/gcc-linaro-arm-linux-gnueabihf-4.9-2014.09_linux/bin/../lib/gcc/arm-linux-gnueabihf/4.9.2/crtbegin.o
 .tm_clone_table
                0x000a5a80        0x0 /opt/crosstools/gcc-linaro-arm-linux-gnueabihf-4.9-2014.09_linux/bin/../lib/gcc/arm-linux-gnueabihf/4.9.2/crtend.o

.data1
 *(.data1)
                0x000a5a80                _edata = .
                0x000a5a80                PROVIDE (edata, .)
                0x000a5a80                . = .
                0x000a5a80                __bss_start = .
                0x000a5a80                __bss_start__ = .

.bss            0x000a5a80      0x540
 *(.dynbss)
 .dynbss        0x000a5a80       0x10 /opt/crosstools/gcc-linaro-arm-linux-gnueabihf-4.9-2014.09_linux/bin/../arm-linux-gnueabihf/libc/usr/lib/arm-linux-gnueabihf/crt1.o
                0x000a5a80                stderr@@GLIBC_2.4
                0x000a5a88                stdin@@GLIBC_2.4
                0x000a5a8c                stdout@@GLIBC_2.4
 *(.bss .bss.* .gnu.linkonce.b.*)
 .bss           0x000a5a90        0x0 /opt/crosstools/gcc-linaro-arm-linux-gnueabihf-4.9-2014.09_linux/bin/../arm-linux-gnueabihf/libc/usr/lib/arm-linux-gnueabihf/crt1.o
 .bss           0x000a5a90        0x0 /opt/crosstools/gcc-linaro-arm-linux-gnueabihf-4.9-2014.09_linux/bin/../arm-linux-gnueabihf/libc/usr/lib/arm-linux-gnueabihf/crti.o
 .bss           0x000a5a90        0x1 /opt/crosstools/gcc-linaro-arm-linux-gnueabihf-4.9-2014.09_linux/bin/../lib/gcc/arm-linux-gnueabihf/4.9.2/crtbegin.o
 *fill*         0x000a5a91        0x7 
 .bss           0x000a5a98       0xa0 shell.o
 .bss           0x000a5b38      0x488 sqlite3.o
                0x000a5b38                sqlite3_temp_directory
                0x000a5b3c                sqlite3_data_directory
 .bss           0x000a5fc0        0x0 /opt/crosstools/gcc-linaro-arm-linux-gnueabihf-4.9-2014.09_linux/bin/../lib/gcc/arm-linux-gnueabihf/4.9.2/libgcc.a(_udivsi3.o)
 .bss           0x000a5fc0        0x0 /opt/crosstools/gcc-linaro-arm-linux-gnueabihf-4.9-2014.09_linux/bin/../lib/gcc/arm-linux-gnueabihf/4.9.2/libgcc.a(_divsi3.o)
 .bss           0x000a5fc0        0x0 /opt/crosstools/gcc-linaro-arm-linux-gnueabihf-4.9-2014.09_linux/bin/../lib/gcc/arm-linux-gnueabihf/4.9.2/libgcc.a(_arm_addsubdf3.o)
 .bss           0x000a5fc0        0x0 /opt/crosstools/gcc-linaro-arm-linux-gnueabihf-4.9-2014.09_linux/bin/../lib/gcc/arm-linux-gnueabihf/4.9.2/libgcc.a(_aeabi_ldivmod.o)
 .bss           0x000a5fc0        0x0 /opt/crosstools/gcc-linaro-arm-linux-gnueabihf-4.9-2014.09_linux/bin/../lib/gcc/arm-linux-gnueabihf/4.9.2/libgcc.a(_aeabi_uldivmod.o)
 .bss           0x000a5fc0        0x0 /opt/crosstools/gcc-linaro-arm-linux-gnueabihf-4.9-2014.09_linux/bin/../lib/gcc/arm-linux-gnueabihf/4.9.2/libgcc.a(_dvmd_lnx.o)
 .bss           0x000a5fc0        0x0 /opt/crosstools/gcc-linaro-arm-linux-gnueabihf-4.9-2014.09_linux/bin/../lib/gcc/arm-linux-gnueabihf/4.9.2/libgcc.a(_fixdfdi.o)
 .bss           0x000a5fc0        0x0 /opt/crosstools/gcc-linaro-arm-linux-gnueabihf-4.9-2014.09_linux/bin/../lib/gcc/arm-linux-gnueabihf/4.9.2/libgcc.a(_fixunsdfdi.o)
 .bss           0x000a5fc0        0x0 /opt/crosstools/gcc-linaro-arm-linux-gnueabihf-4.9-2014.09_linux/bin/../lib/gcc/arm-linux-gnueabihf/4.9.2/libgcc.a(bpabi.o)
 .bss           0x000a5fc0        0x0 /opt/crosstools/gcc-linaro-arm-linux-gnueabihf-4.9-2014.09_linux/bin/../lib/gcc/arm-linux-gnueabihf/4.9.2/libgcc.a(_divdi3.o)
 .bss           0x000a5fc0        0x0 /opt/crosstools/gcc-linaro-arm-linux-gnueabihf-4.9-2014.09_linux/bin/../lib/gcc/arm-linux-gnueabihf/4.9.2/libgcc.a(_udivdi3.o)
 .bss           0x000a5fc0        0x0 /opt/crosstools/gcc-linaro-arm-linux-gnueabihf-4.9-2014.09_linux/bin/../arm-linux-gnueabihf/libc/usr/lib/arm-linux-gnueabihf/libc_nonshared.a(elf-init.oS)
 .bss           0x000a5fc0        0x0 /opt/crosstools/gcc-linaro-arm-linux-gnueabihf-4.9-2014.09_linux/bin/../arm-linux-gnueabihf/libc/usr/lib/arm-linux-gnueabihf/libc_nonshared.a(stat64.oS)
 .bss           0x000a5fc0        0x0 /opt/crosstools/gcc-linaro-arm-linux-gnueabihf-4.9-2014.09_linux/bin/../arm-linux-gnueabihf/libc/usr/lib/arm-linux-gnueabihf/libc_nonshared.a(fstat64.oS)
 .bss           0x000a5fc0        0x0 /opt/crosstools/gcc-linaro-arm-linux-gnueabihf-4.9-2014.09_linux/bin/../lib/gcc/arm-linux-gnueabihf/4.9.2/crtend.o
 .bss           0x000a5fc0        0x0 /opt/crosstools/gcc-linaro-arm-linux-gnueabihf-4.9-2014.09_linux/bin/../arm-linux-gnueabihf/libc/usr/lib/arm-linux-gnueabihf/crtn.o
 *(COMMON)
                0x000a5fc0                . = ALIGN ((. != 0x0)?0x4:0x1)
                0x000a5fc0                _bss_end__ = .
                0x000a5fc0                __bss_end__ = .
                0x000a5fc0                . = ALIGN (0x4)
                0x000a5fc0                . = SEGMENT_START ("ldata-segment", .)
                0x000a5fc0                . = ALIGN (0x4)
                0x000a5fc0                __end__ = .
                0x000a5fc0                _end = .
                0x000a5fc0                PROVIDE (end, .)
                0x000a5fc0                . = DATA_SEGMENT_END (.)

.stab
 *(.stab)

.stabstr
 *(.stabstr)

.stab.excl
 *(.stab.excl)

.stab.exclstr
 *(.stab.exclstr)

.stab.index
 *(.stab.index)

.stab.indexstr
 *(.stab.indexstr)

.comment        0x00000000       0x63
 *(.comment)
 .comment       0x00000000       0x63 shell.o
                                 0x64 (size before relaxing)
 .comment       0x00000000       0x64 sqlite3.o

.ARM.attributes
                0x00000000       0x37
 .ARM.attributes
                0x00000000       0x35 /opt/crosstools/gcc-linaro-arm-linux-gnueabihf-4.9-2014.09_linux/bin/../arm-linux-gnueabihf/libc/usr/lib/arm-linux-gnueabihf/crt1.o
 .ARM.attributes
                0x00000035       0x23 /opt/crosstools/gcc-linaro-arm-linux-gnueabihf-4.9-2014.09_linux/bin/../arm-linux-gnueabihf/libc/usr/lib/arm-linux-gnueabihf/crti.o
 .ARM.attributes
                0x00000058       0x35 /opt/crosstools/gcc-linaro-arm-linux-gnueabihf-4.9-2014.09_linux/bin/../lib/gcc/arm-linux-gnueabihf/4.9.2/crtbegin.o
 .ARM.attributes
                0x0000008d       0x3d shell.o
 .ARM.attributes
                0x000000ca       0x3d sqlite3.o
 .ARM.attributes
                0x00000107       0x21 /opt/crosstools/gcc-linaro-arm-linux-gnueabihf-4.9-2014.09_linux/bin/../lib/gcc/arm-linux-gnueabihf/4.9.2/libgcc.a(_udivsi3.o)
 .ARM.attributes
                0x00000128       0x21 /opt/crosstools/gcc-linaro-arm-linux-gnueabihf-4.9-2014.09_linux/bin/../lib/gcc/arm-linux-gnueabihf/4.9.2/libgcc.a(_divsi3.o)
 .ARM.attributes
                0x00000149       0x21 /opt/crosstools/gcc-linaro-arm-linux-gnueabihf-4.9-2014.09_linux/bin/../lib/gcc/arm-linux-gnueabihf/4.9.2/libgcc.a(_arm_addsubdf3.o)
 .ARM.attributes
                0x0000016a       0x21 /opt/crosstools/gcc-linaro-arm-linux-gnueabihf-4.9-2014.09_linux/bin/../lib/gcc/arm-linux-gnueabihf/4.9.2/libgcc.a(_aeabi_ldivmod.o)
 .ARM.attributes
                0x0000018b       0x21 /opt/crosstools/gcc-linaro-arm-linux-gnueabihf-4.9-2014.09_linux/bin/../lib/gcc/arm-linux-gnueabihf/4.9.2/libgcc.a(_aeabi_uldivmod.o)
 .ARM.attributes
                0x000001ac       0x21 /opt/crosstools/gcc-linaro-arm-linux-gnueabihf-4.9-2014.09_linux/bin/../lib/gcc/arm-linux-gnueabihf/4.9.2/libgcc.a(_dvmd_lnx.o)
 .ARM.attributes
                0x000001cd       0x35 /opt/crosstools/gcc-linaro-arm-linux-gnueabihf-4.9-2014.09_linux/bin/../lib/gcc/arm-linux-gnueabihf/4.9.2/libgcc.a(_fixdfdi.o)
 .ARM.attributes
                0x00000202       0x35 /opt/crosstools/gcc-linaro-arm-linux-gnueabihf-4.9-2014.09_linux/bin/../lib/gcc/arm-linux-gnueabihf/4.9.2/libgcc.a(_fixunsdfdi.o)
 .ARM.attributes
                0x00000237       0x35 /opt/crosstools/gcc-linaro-arm-linux-gnueabihf-4.9-2014.09_linux/bin/../lib/gcc/arm-linux-gnueabihf/4.9.2/libgcc.a(bpabi.o)
 .ARM.attributes
                0x0000026c       0x35 /opt/crosstools/gcc-linaro-arm-linux-gnueabihf-4.9-2014.09_linux/bin/../lib/gcc/arm-linux-gnueabihf/4.9.2/libgcc.a(_divdi3.o)
 .ARM.attributes
                0x000002a1       0x35 /opt/crosstools/gcc-linaro-arm-linux-gnueabihf-4.9-2014.09_linux/bin/../lib/gcc/arm-linux-gnueabihf/4.9.2/libgcc.a(_udivdi3.o)
 .ARM.attributes
                0x000002d6       0x37 /opt/crosstools/gcc-linaro-arm-linux-gnueabihf-4.9-2014.09_linux/bin/../arm-linux-gnueabihf/libc/usr/lib/arm-linux-gnueabihf/libc_nonshared.a(elf-init.oS)
 .ARM.attributes
                0x0000030d       0x37 /opt/crosstools/gcc-linaro-arm-linux-gnueabihf-4.9-2014.09_linux/bin/../arm-linux-gnueabihf/libc/usr/lib/arm-linux-gnueabihf/libc_nonshared.a(stat64.oS)
 .ARM.attributes
                0x00000344       0x37 /opt/crosstools/gcc-linaro-arm-linux-gnueabihf-4.9-2014.09_linux/bin/../arm-linux-gnueabihf/libc/usr/lib/arm-linux-gnueabihf/libc_nonshared.a(fstat64.oS)
 .ARM.attributes
                0x0000037b       0x35 /opt/crosstools/gcc-linaro-arm-linux-gnueabihf-4.9-2014.09_linux/bin/../lib/gcc/arm-linux-gnueabihf/4.9.2/crtend.o
 .ARM.attributes
                0x000003b0       0x23 /opt/crosstools/gcc-linaro-arm-linux-gnueabihf-4.9-2014.09_linux/bin/../arm-linux-gnueabihf/libc/usr/lib/arm-linux-gnueabihf/crtn.o

.debug
 *(.debug)

.line
 *(.line)

.debug_srcinfo
 *(.debug_srcinfo)

.debug_sfnames
 *(.debug_sfnames)

.debug_aranges  0x00000000       0x40
 *(.debug_aranges)
 .debug_aranges
                0x00000000       0x20 shell.o
 .debug_aranges
                0x00000020       0x20 sqlite3.o

.debug_pubnames
 *(.debug_pubnames)

.debug_info     0x00000000    0x49fad
 *(.debug_info .gnu.linkonce.wi.*)
 .debug_info    0x00000000     0x3958 shell.o
 .debug_info    0x00003958    0x46655 sqlite3.o

.debug_abbrev   0x00000000      0x8ee
 *(.debug_abbrev)
 .debug_abbrev  0x00000000      0x349 shell.o
 .debug_abbrev  0x00000349      0x5a5 sqlite3.o

.debug_line     0x00000000    0x15cde
 *(.debug_line .debug_line.* .debug_line_end)
 .debug_line    0x00000000     0x1ec5 shell.o
 .debug_line    0x00001ec5    0x13e19 sqlite3.o

.debug_frame    0x00000000    0x11b64
 *(.debug_frame)
 .debug_frame   0x00000000      0x9f4 shell.o
 .debug_frame   0x000009f4    0x10f58 sqlite3.o
 .debug_frame   0x0001194c       0x20 /opt/crosstools/gcc-linaro-arm-linux-gnueabihf-4.9-2014.09_linux/bin/../lib/gcc/arm-linux-gnueabihf/4.9.2/libgcc.a(_udivsi3.o)
 .debug_frame   0x0001196c       0x20 /opt/crosstools/gcc-linaro-arm-linux-gnueabihf-4.9-2014.09_linux/bin/../lib/gcc/arm-linux-gnueabihf/4.9.2/libgcc.a(_divsi3.o)
 .debug_frame   0x0001198c       0x28 /opt/crosstools/gcc-linaro-arm-linux-gnueabihf-4.9-2014.09_linux/bin/../lib/gcc/arm-linux-gnueabihf/4.9.2/libgcc.a(_aeabi_ldivmod.o)
 .debug_frame   0x000119b4       0x28 /opt/crosstools/gcc-linaro-arm-linux-gnueabihf-4.9-2014.09_linux/bin/../lib/gcc/arm-linux-gnueabihf/4.9.2/libgcc.a(_aeabi_uldivmod.o)
 .debug_frame   0x000119dc       0x28 /opt/crosstools/gcc-linaro-arm-linux-gnueabihf-4.9-2014.09_linux/bin/../lib/gcc/arm-linux-gnueabihf/4.9.2/libgcc.a(_fixdfdi.o)
 .debug_frame   0x00011a04       0x20 /opt/crosstools/gcc-linaro-arm-linux-gnueabihf-4.9-2014.09_linux/bin/../lib/gcc/arm-linux-gnueabihf/4.9.2/libgcc.a(_fixunsdfdi.o)
 .debug_frame   0x00011a24       0x54 /opt/crosstools/gcc-linaro-arm-linux-gnueabihf-4.9-2014.09_linux/bin/../lib/gcc/arm-linux-gnueabihf/4.9.2/libgcc.a(bpabi.o)
 .debug_frame   0x00011a78       0x38 /opt/crosstools/gcc-linaro-arm-linux-gnueabihf-4.9-2014.09_linux/bin/../lib/gcc/arm-linux-gnueabihf/4.9.2/libgcc.a(_divdi3.o)
 .debug_frame   0x00011ab0       0x30 /opt/crosstools/gcc-linaro-arm-linux-gnueabihf-4.9-2014.09_linux/bin/../lib/gcc/arm-linux-gnueabihf/4.9.2/libgcc.a(_udivdi3.o)
 .debug_frame   0x00011ae0       0x44 /opt/crosstools/gcc-linaro-arm-linux-gnueabihf-4.9-2014.09_linux/bin/../arm-linux-gnueabihf/libc/usr/lib/arm-linux-gnueabihf/libc_nonshared.a(elf-init.oS)
 .debug_frame   0x00011b24       0x20 /opt/crosstools/gcc-linaro-arm-linux-gnueabihf-4.9-2014.09_linux/bin/../arm-linux-gnueabihf/libc/usr/lib/arm-linux-gnueabihf/libc_nonshared.a(stat64.oS)
 .debug_frame   0x00011b44       0x20 /opt/crosstools/gcc-linaro-arm-linux-gnueabihf-4.9-2014.09_linux/bin/../arm-linux-gnueabihf/libc/usr/lib/arm-linux-gnueabihf/libc_nonshared.a(fstat64.oS)

.debug_str      0x00000000     0xfc39
 *(.debug_str)
 .debug_str     0x00000000      0xfee shell.o
                               0x12c9 (size before relaxing)
 .debug_str     0x00000fee     0xec4b sqlite3.o
                              0x105c8 (size before relaxing)

.debug_loc      0x00000000    0x25a07
 *(.debug_loc)
 .debug_loc     0x00000000     0x14b0 shell.o
 .debug_loc     0x000014b0    0x24557 sqlite3.o

.debug_macinfo
 *(.debug_macinfo)

.debug_weaknames
 *(.debug_weaknames)

.debug_funcnames
 *(.debug_funcnames)

.debug_typenames
 *(.debug_typenames)

.debug_varnames
 *(.debug_varnames)

.debug_pubtypes
 *(.debug_pubtypes)

.debug_ranges   0x00000000      0x1c8
 *(.debug_ranges)
 .debug_ranges  0x00000000       0x78 shell.o
 .debug_ranges  0x00000078      0x150 sqlite3.o

.debug_macro
 *(.debug_macro)

.gnu.attributes
 *(.gnu.attributes)

.note.gnu.arm.ident
 *(.note.gnu.arm.ident)

/DISCARD/
 *(.note.GNU-stack)
 *(.gnu_debuglink)
 *(.gnu.lto_*)
OUTPUT(sqlite3 elf32-littlearm)
